Checking API Key: Present

Testing clean text: 'You are amazing and I love this stream!'
python : Traceback 
(most recent call 
last):
At line:1 char:30
+ ... 
s\Activate.ps1; 
python test_async_det
ection.py > 
test_output.txt 2>&1
+                    
 ~~~~~~~~~~~~~~~~~~~~
~~~~~~~~~~~~~~~~~~~~~
~~~~~~~~~~~~
    + CategoryInfo   
           : NotSpe  
  cified: (Traceba   
 ck (most recent     
call last)::Stri    
ng) [], RemoteEx    
ception
    + FullyQualified 
   ErrorId : Native  
  CommandError
 
  File "C:\Users\priy
a\safechat-platform\b
ackend\moderation\ai_
detector.py", line 
276, in _openai_moder
ation_async
    print(f"\n\u26a1 
Calling OpenAI 
Moderation API 
(ASYNC) (attempt {att
empt}/{max_attempts})
")
    ~~~~~^^^^^^^^^^^^
^^^^^^^^^^^^^^^^^^^^^
^^^^^^^^^^^^^^^^^^^^^
^^^^^^^^^^^^^^^^^^^^^
^^^^^^^
  File "C:\Users\HP\A
ppData\Local\Programs
\Python\Python313\Lib
\encodings\cp1252.py"
, line 19, in encode
    return codecs.cha
rmap_encode(input,sel
f.errors,encoding_tab
le)[0]
           ~~~~~~~~~~
~~~~~~~~~~~^^^^^^^^^^
^^^^^^^^^^^^^^^^^^^^^
^^^
UnicodeEncodeError: 
'charmap' codec 
can't encode 
character '\u26a1' 
in position 2: 
character maps to 
<undefined>

During handling of 
the above exception, 
another exception 
occurred:

Traceback (most 
recent call last):
  File "C:\Users\priy
a\safechat-platform\b
ackend\test_async_det
ection.py", line 45, 
in <module>
    asyncio.run(test_
async_detection())
    ~~~~~~~~~~~^^^^^^
^^^^^^^^^^^^^^^^^^
  File "C:\Users\HP\A
ppData\Local\Programs
\Python\Python313\Lib
\asyncio\runners.py",
 line 194, in run
    return 
runner.run(main)
           
~~~~~~~~~~^^^^^^
  File "C:\Users\HP\A
ppData\Local\Programs
\Python\Python313\Lib
\asyncio\runners.py",
 line 118, in run
    return self._loop
.run_until_complete(t
ask)
           ~~~~~~~~~~
~~~~~~~~~~~~~~~~~~~^^
^^^^
  File "C:\Users\HP\A
ppData\Local\Programs
\Python\Python313\Lib
\asyncio\base_events.
py", line 721, in 
run_until_complete
    return 
future.result()
           
~~~~~~~~~~~~~^^
  File "C:\Users\priy
a\safechat-platform\b
ackend\test_async_det
ection.py", line 20, 
in 
test_async_detection
    res1 = await dete
ctor.analyze_async(te
xt)
           ^^^^^^^^^^
^^^^^^^^^^^^^^^^^^^^^
^^^
  File "C:\Users\priy
a\safechat-platform\b
ackend\moderation\ai_
detector.py", line 
49, in analyze_async
    return await self
.api_detector.detect_
async(text)
           ^^^^^^^^^^
^^^^^^^^^^^^^^^^^^^^^
^^^^^^^^^^^
  File "C:\Users\priy
a\safechat-platform\b
ackend\moderation\ai_
detector.py", line 
188, in detect_async
    return await self
._openai_moderation_a
sync(text)
           ^^^^^^^^^^
^^^^^^^^^^^^^^^^^^^^^
^^^^^^^^^^
  File "C:\Users\priy
a\safechat-platform\b
ackend\moderation\ai_
detector.py", line 
288, in _openai_moder
ation_async
    print(f"\u274c 
OpenAI Async 
moderation error 
(attempt {attempt}/{m
ax_attempts}): {e}")
    ~~~~~^^^^^^^^^^^^
^^^^^^^^^^^^^^^^^^^^^
^^^^^^^^^^^^^^^^^^^^^
^^^^^^^^^^^^^^^^^^^^^
^^
  File "C:\Users\HP\A
ppData\Local\Programs
\Python\Python313\Lib
\encodings\cp1252.py"
, line 19, in encode
    return codecs.cha
rmap_encode(input,sel
f.errors,encoding_tab
le)[0]
           ~~~~~~~~~~
~~~~~~~~~~~^^^^^^^^^^
^^^^^^^^^^^^^^^^^^^^^
^^^
UnicodeEncodeError: 
'charmap' codec 
can't encode 
character '\u274c' 
in position 0: 
character maps to 
<undefined>
